// Jest Snapshot v1, https://goo.gl/fbAQLP

exports[`should not render Header if items array is "INIT" 1`] = `<Fragment />`;

exports[`should render Header 1`] = `
<Fragment>
  <div
    className="header__container"
  >
    <h1
      className="header__title"
    >
      Задача №
      1
    </h1>
    <button
      className="button button--small button--red"
      onClick={[Function]}
    >
      Удалить
    </button>
  </div>
</Fragment>
`;
